✔ host inventory separates version-only presence, broken installs, unknown identity and absence (539.590295ms)
✔ no guessed identity, project PATH lookup, or fallback for a broken configured Pi (115.832521ms)
✖ harness page: click lists host facts, cache does not spawn twice, lost server marks old data stale (2295.404407ms)
ℹ tests 3
ℹ suites 0
ℹ pass 2
ℹ fail 1
ℹ cancelled 0
ℹ skipped 0
ℹ todo 0
ℹ duration_ms 3189.571939

✖ failing tests:

test at tests/harness-inventory.test.mjs:66:1
✖ harness page: click lists host facts, cache does not spawn twice, lost server marks old data stale (2295.404407ms)
  AssertionError [ERR_ASSERTION]: pi: refusal identifier must not be visible
      at TestContext.<anonymous> (file:///home/paulkinlan/worktrees/voicebox-harness-discovery/tests/harness-inventory.test.mjs:88:12)
      at async Test.run (node:internal/test_runner/test:1409:7)
      at async Test.processPendingSubtests (node:internal/test_runner/test:974:7) {
    generatedMessage: false,
    code: 'ERR_ASSERTION',
    actual: false,
    expected: true,
    operator: '==',
    diff: 'simple'
  }
